DEBUG - 2025-11-13 00:45:54 --> Session: Class initialized using 'CodeIgniter\Session\Handlers\FileHandler' driver.
DEBUG - 2025-11-13 00:45:54 --> Session: Class initialized using 'CodeIgniter\Session\Handlers\FileHandler' driver.
ERROR - 2025-11-13 00:46:14 --> Error connecting to the database: mysqli_sql_exception: No connection could be made because the target machine actively refused it in C:\Website-kasir\vendor\codeigniter4\framework\system\Database\MySQLi\Connection.php:201
Stack trace:
#0 C:\Website-kasir\vendor\codeigniter4\framework\system\Database\MySQLi\Connection.php(201): mysqli->real_connect('localhost', 'root', Object(SensitiveParameterValue), 'kasir_db', 3306, '', 0)
#1 C:\Website-kasir\vendor\codeigniter4\framework\system\Database\BaseConnection.php(419): CodeIgniter\Database\MySQLi\Connection->connect(false)
#2 C:\Website-kasir\vendor\codeigniter4\framework\system\Database\BaseConnection.php(614): CodeIgniter\Database\BaseConnection->initialize()
#3 C:\Website-kasir\vendor\codeigniter4\framework\system\Database\BaseBuilder.php(1649): CodeIgniter\Database\BaseConnection->query('SELECT *\nFROM `...', Array, false)
#4 C:\Website-kasir\vendor\codeigniter4\framework\system\Model.php(330): CodeIgniter\Database\BaseBuilder->get()
#5 C:\Website-kasir\vendor\codeigniter4\framework\system\BaseModel.php(715): CodeIgniter\Model->doFirst()
#6 C:\Website-kasir\app\Controllers\AuthController.php(29): CodeIgniter\BaseModel->first()
#7 C:\Website-kasir\vendor\codeigniter4\framework\system\CodeIgniter.php(933): App\Controllers\AuthController->authenticate()
#8 C:\Website-kasir\vendor\codeigniter4\framework\system\CodeIgniter.php(507): CodeIgniter\CodeIgniter->runController(Object(App\Controllers\AuthController))
#9 C:\Website-kasir\vendor\codeigniter4\framework\system\CodeIgniter.php(354): CodeIgniter\CodeIgniter->handleRequest(NULL, Object(Config\Cache), false)
#10 C:\Website-kasir\vendor\codeigniter4\framework\system\Boot.php(363): CodeIgniter\CodeIgniter->run()
#11 C:\Website-kasir\vendor\codeigniter4\framework\system\Boot.php(68): CodeIgniter\Boot::runCodeIgniter(Object(CodeIgniter\CodeIgniter))
#12 C:\Website-kasir\public\index.php(30): CodeIgniter\Boot::bootWeb(Object(Config\Paths))
#13 C:\Website-kasir\vendor\codeigniter4\framework\system\rewrite.php(44): require_once('C:\\Website-kasi...')
#14 {main}

Next CodeIgniter\Database\Exceptions\DatabaseException: No connection could be made because the target machine actively refused it in C:\Website-kasir\vendor\codeigniter4\framework\system\Database\MySQLi\Connection.php:246
Stack trace:
#0 C:\Website-kasir\vendor\codeigniter4\framework\system\Database\BaseConnection.php(419): CodeIgniter\Database\MySQLi\Connection->connect(false)
#1 C:\Website-kasir\vendor\codeigniter4\framework\system\Database\BaseConnection.php(614): CodeIgniter\Database\BaseConnection->initialize()
#2 C:\Website-kasir\vendor\codeigniter4\framework\system\Database\BaseBuilder.php(1649): CodeIgniter\Database\BaseConnection->query('SELECT *\nFROM `...', Array, false)
#3 C:\Website-kasir\vendor\codeigniter4\framework\system\Model.php(330): CodeIgniter\Database\BaseBuilder->get()
#4 C:\Website-kasir\vendor\codeigniter4\framework\system\BaseModel.php(715): CodeIgniter\Model->doFirst()
#5 C:\Website-kasir\app\Controllers\AuthController.php(29): CodeIgniter\BaseModel->first()
#6 C:\Website-kasir\vendor\codeigniter4\framework\system\CodeIgniter.php(933): App\Controllers\AuthController->authenticate()
#7 C:\Website-kasir\vendor\codeigniter4\framework\system\CodeIgniter.php(507): CodeIgniter\CodeIgniter->runController(Object(App\Controllers\AuthController))
#8 C:\Website-kasir\vendor\codeigniter4\framework\system\CodeIgniter.php(354): CodeIgniter\CodeIgniter->handleRequest(NULL, Object(Config\Cache), false)
#9 C:\Website-kasir\vendor\codeigniter4\framework\system\Boot.php(363): CodeIgniter\CodeIgniter->run()
#10 C:\Website-kasir\vendor\codeigniter4\framework\system\Boot.php(68): CodeIgniter\Boot::runCodeIgniter(Object(CodeIgniter\CodeIgniter))
#11 C:\Website-kasir\public\index.php(30): CodeIgniter\Boot::bootWeb(Object(Config\Paths))
#12 C:\Website-kasir\vendor\codeigniter4\framework\system\rewrite.php(44): require_once('C:\\Website-kasi...')
#13 {main}
CRITICAL - 2025-11-13 00:46:14 --> CodeIgniter\Database\Exceptions\DatabaseException: Unable to connect to the database.
Main connection [MySQLi]: No connection could be made because the target machine actively refused it
[Method: POST, Route: auth/authenticate]
in VENDORPATH\codeigniter4\framework\system\Database\BaseConnection.php on line 465.
 1 VENDORPATH\codeigniter4\framework\system\Database\BaseConnection.php(614): CodeIgniter\Database\BaseConnection->initialize()
 2 VENDORPATH\codeigniter4\framework\system\Database\BaseBuilder.php(1649): CodeIgniter\Database\BaseConnection->query('SELECT *
FROM `users`
WHERE `username` = :username:
 LIMIT 1', [...], false)
 3 VENDORPATH\codeigniter4\framework\system\Model.php(330): CodeIgniter\Database\BaseBuilder->get()
 4 VENDORPATH\codeigniter4\framework\system\BaseModel.php(715): CodeIgniter\Model->doFirst()
 5 APPPATH\Controllers\AuthController.php(29): CodeIgniter\BaseModel->first()
 6 VENDORPATH\codeigniter4\framework\system\CodeIgniter.php(933): App\Controllers\AuthController->authenticate()
 7 VENDORPATH\codeigniter4\framework\system\CodeIgniter.php(507): CodeIgniter\CodeIgniter->runController(Object(App\Controllers\AuthController))
 8 VENDORPATH\codeigniter4\framework\system\CodeIgniter.php(354): CodeIgniter\CodeIgniter->handleRequest(null, Object(Config\Cache), false)
 9 VENDORPATH\codeigniter4\framework\system\Boot.php(363): CodeIgniter\CodeIgniter->run()
10 VENDORPATH\codeigniter4\framework\system\Boot.php(68): CodeIgniter\Boot::runCodeIgniter(Object(CodeIgniter\CodeIgniter))
11 FCPATH\index.php(30): CodeIgniter\Boot::bootWeb(Object(Config\Paths))
12 VENDORPATH\codeigniter4\framework\system\rewrite.php(44): require_once('C:\\Website-kasir\\public\\index.php')
ERROR - 2025-11-13 00:46:18 --> Error connecting to the database: mysqli_sql_exception: No connection could be made because the target machine actively refused it in C:\Website-kasir\vendor\codeigniter4\framework\system\Database\MySQLi\Connection.php:201
Stack trace:
#0 C:\Website-kasir\vendor\codeigniter4\framework\system\Database\MySQLi\Connection.php(201): mysqli->real_connect('localhost', 'root', Object(SensitiveParameterValue), 'kasir_db', 3306, '', 0)
#1 C:\Website-kasir\vendor\codeigniter4\framework\system\Database\BaseConnection.php(419): CodeIgniter\Database\MySQLi\Connection->connect(false)
#2 C:\Website-kasir\vendor\codeigniter4\framework\system\Database\BaseConnection.php(614): CodeIgniter\Database\BaseConnection->initialize()
#3 C:\Website-kasir\vendor\codeigniter4\framework\system\Database\BaseBuilder.php(1649): CodeIgniter\Database\BaseConnection->query('SELECT *\nFROM `...', Array, false)
#4 C:\Website-kasir\vendor\codeigniter4\framework\system\Model.php(330): CodeIgniter\Database\BaseBuilder->get()
#5 C:\Website-kasir\vendor\codeigniter4\framework\system\BaseModel.php(715): CodeIgniter\Model->doFirst()
#6 C:\Website-kasir\app\Controllers\AuthController.php(29): CodeIgniter\BaseModel->first()
#7 C:\Website-kasir\vendor\codeigniter4\framework\system\CodeIgniter.php(933): App\Controllers\AuthController->authenticate()
#8 C:\Website-kasir\vendor\codeigniter4\framework\system\CodeIgniter.php(507): CodeIgniter\CodeIgniter->runController(Object(App\Controllers\AuthController))
#9 C:\Website-kasir\vendor\codeigniter4\framework\system\CodeIgniter.php(354): CodeIgniter\CodeIgniter->handleRequest(NULL, Object(Config\Cache), false)
#10 C:\Website-kasir\vendor\codeigniter4\framework\system\Boot.php(363): CodeIgniter\CodeIgniter->run()
#11 C:\Website-kasir\vendor\codeigniter4\framework\system\Boot.php(68): CodeIgniter\Boot::runCodeIgniter(Object(CodeIgniter\CodeIgniter))
#12 C:\Website-kasir\public\index.php(30): CodeIgniter\Boot::bootWeb(Object(Config\Paths))
#13 C:\Website-kasir\vendor\codeigniter4\framework\system\rewrite.php(44): require_once('C:\\Website-kasi...')
#14 {main}

Next CodeIgniter\Database\Exceptions\DatabaseException: No connection could be made because the target machine actively refused it in C:\Website-kasir\vendor\codeigniter4\framework\system\Database\MySQLi\Connection.php:246
Stack trace:
#0 C:\Website-kasir\vendor\codeigniter4\framework\system\Database\BaseConnection.php(419): CodeIgniter\Database\MySQLi\Connection->connect(false)
#1 C:\Website-kasir\vendor\codeigniter4\framework\system\Database\BaseConnection.php(614): CodeIgniter\Database\BaseConnection->initialize()
#2 C:\Website-kasir\vendor\codeigniter4\framework\system\Database\BaseBuilder.php(1649): CodeIgniter\Database\BaseConnection->query('SELECT *\nFROM `...', Array, false)
#3 C:\Website-kasir\vendor\codeigniter4\framework\system\Model.php(330): CodeIgniter\Database\BaseBuilder->get()
#4 C:\Website-kasir\vendor\codeigniter4\framework\system\BaseModel.php(715): CodeIgniter\Model->doFirst()
#5 C:\Website-kasir\app\Controllers\AuthController.php(29): CodeIgniter\BaseModel->first()
#6 C:\Website-kasir\vendor\codeigniter4\framework\system\CodeIgniter.php(933): App\Controllers\AuthController->authenticate()
#7 C:\Website-kasir\vendor\codeigniter4\framework\system\CodeIgniter.php(507): CodeIgniter\CodeIgniter->runController(Object(App\Controllers\AuthController))
#8 C:\Website-kasir\vendor\codeigniter4\framework\system\CodeIgniter.php(354): CodeIgniter\CodeIgniter->handleRequest(NULL, Object(Config\Cache), false)
#9 C:\Website-kasir\vendor\codeigniter4\framework\system\Boot.php(363): CodeIgniter\CodeIgniter->run()
#10 C:\Website-kasir\vendor\codeigniter4\framework\system\Boot.php(68): CodeIgniter\Boot::runCodeIgniter(Object(CodeIgniter\CodeIgniter))
#11 C:\Website-kasir\public\index.php(30): CodeIgniter\Boot::bootWeb(Object(Config\Paths))
#12 C:\Website-kasir\vendor\codeigniter4\framework\system\rewrite.php(44): require_once('C:\\Website-kasi...')
#13 {main}
CRITICAL - 2025-11-13 00:46:18 --> CodeIgniter\Database\Exceptions\DatabaseException: Unable to connect to the database.
Main connection [MySQLi]: No connection could be made because the target machine actively refused it
[Method: POST, Route: auth/authenticate]
in VENDORPATH\codeigniter4\framework\system\Database\BaseConnection.php on line 465.
 1 VENDORPATH\codeigniter4\framework\system\Database\BaseConnection.php(614): CodeIgniter\Database\BaseConnection->initialize()
 2 VENDORPATH\codeigniter4\framework\system\Database\BaseBuilder.php(1649): CodeIgniter\Database\BaseConnection->query('SELECT *
FROM `users`
WHERE `username` = :username:
 LIMIT 1', [...], false)
 3 VENDORPATH\codeigniter4\framework\system\Model.php(330): CodeIgniter\Database\BaseBuilder->get()
 4 VENDORPATH\codeigniter4\framework\system\BaseModel.php(715): CodeIgniter\Model->doFirst()
 5 APPPATH\Controllers\AuthController.php(29): CodeIgniter\BaseModel->first()
 6 VENDORPATH\codeigniter4\framework\system\CodeIgniter.php(933): App\Controllers\AuthController->authenticate()
 7 VENDORPATH\codeigniter4\framework\system\CodeIgniter.php(507): CodeIgniter\CodeIgniter->runController(Object(App\Controllers\AuthController))
 8 VENDORPATH\codeigniter4\framework\system\CodeIgniter.php(354): CodeIgniter\CodeIgniter->handleRequest(null, Object(Config\Cache), false)
 9 VENDORPATH\codeigniter4\framework\system\Boot.php(363): CodeIgniter\CodeIgniter->run()
10 VENDORPATH\codeigniter4\framework\system\Boot.php(68): CodeIgniter\Boot::runCodeIgniter(Object(CodeIgniter\CodeIgniter))
11 FCPATH\index.php(30): CodeIgniter\Boot::bootWeb(Object(Config\Paths))
12 VENDORPATH\codeigniter4\framework\system\rewrite.php(44): require_once('C:\\Website-kasir\\public\\index.php')
ERROR - 2025-11-13 00:46:22 --> Error connecting to the database: mysqli_sql_exception: No connection could be made because the target machine actively refused it in C:\Website-kasir\vendor\codeigniter4\framework\system\Database\MySQLi\Connection.php:201
Stack trace:
#0 C:\Website-kasir\vendor\codeigniter4\framework\system\Database\MySQLi\Connection.php(201): mysqli->real_connect('localhost', 'root', Object(SensitiveParameterValue), 'kasir_db', 3306, '', 0)
#1 C:\Website-kasir\vendor\codeigniter4\framework\system\Database\BaseConnection.php(419): CodeIgniter\Database\MySQLi\Connection->connect(false)
#2 C:\Website-kasir\vendor\codeigniter4\framework\system\Database\BaseConnection.php(614): CodeIgniter\Database\BaseConnection->initialize()
#3 C:\Website-kasir\vendor\codeigniter4\framework\system\Database\BaseBuilder.php(1649): CodeIgniter\Database\BaseConnection->query('SELECT *\nFROM `...', Array, false)
#4 C:\Website-kasir\vendor\codeigniter4\framework\system\Model.php(330): CodeIgniter\Database\BaseBuilder->get()
#5 C:\Website-kasir\vendor\codeigniter4\framework\system\BaseModel.php(715): CodeIgniter\Model->doFirst()
#6 C:\Website-kasir\app\Controllers\AuthController.php(29): CodeIgniter\BaseModel->first()
#7 C:\Website-kasir\vendor\codeigniter4\framework\system\CodeIgniter.php(933): App\Controllers\AuthController->authenticate()
#8 C:\Website-kasir\vendor\codeigniter4\framework\system\CodeIgniter.php(507): CodeIgniter\CodeIgniter->runController(Object(App\Controllers\AuthController))
#9 C:\Website-kasir\vendor\codeigniter4\framework\system\CodeIgniter.php(354): CodeIgniter\CodeIgniter->handleRequest(NULL, Object(Config\Cache), false)
#10 C:\Website-kasir\vendor\codeigniter4\framework\system\Boot.php(363): CodeIgniter\CodeIgniter->run()
#11 C:\Website-kasir\vendor\codeigniter4\framework\system\Boot.php(68): CodeIgniter\Boot::runCodeIgniter(Object(CodeIgniter\CodeIgniter))
#12 C:\Website-kasir\public\index.php(30): CodeIgniter\Boot::bootWeb(Object(Config\Paths))
#13 C:\Website-kasir\vendor\codeigniter4\framework\system\rewrite.php(44): require_once('C:\\Website-kasi...')
#14 {main}

Next CodeIgniter\Database\Exceptions\DatabaseException: No connection could be made because the target machine actively refused it in C:\Website-kasir\vendor\codeigniter4\framework\system\Database\MySQLi\Connection.php:246
Stack trace:
#0 C:\Website-kasir\vendor\codeigniter4\framework\system\Database\BaseConnection.php(419): CodeIgniter\Database\MySQLi\Connection->connect(false)
#1 C:\Website-kasir\vendor\codeigniter4\framework\system\Database\BaseConnection.php(614): CodeIgniter\Database\BaseConnection->initialize()
#2 C:\Website-kasir\vendor\codeigniter4\framework\system\Database\BaseBuilder.php(1649): CodeIgniter\Database\BaseConnection->query('SELECT *\nFROM `...', Array, false)
#3 C:\Website-kasir\vendor\codeigniter4\framework\system\Model.php(330): CodeIgniter\Database\BaseBuilder->get()
#4 C:\Website-kasir\vendor\codeigniter4\framework\system\BaseModel.php(715): CodeIgniter\Model->doFirst()
#5 C:\Website-kasir\app\Controllers\AuthController.php(29): CodeIgniter\BaseModel->first()
#6 C:\Website-kasir\vendor\codeigniter4\framework\system\CodeIgniter.php(933): App\Controllers\AuthController->authenticate()
#7 C:\Website-kasir\vendor\codeigniter4\framework\system\CodeIgniter.php(507): CodeIgniter\CodeIgniter->runController(Object(App\Controllers\AuthController))
#8 C:\Website-kasir\vendor\codeigniter4\framework\system\CodeIgniter.php(354): CodeIgniter\CodeIgniter->handleRequest(NULL, Object(Config\Cache), false)
#9 C:\Website-kasir\vendor\codeigniter4\framework\system\Boot.php(363): CodeIgniter\CodeIgniter->run()
#10 C:\Website-kasir\vendor\codeigniter4\framework\system\Boot.php(68): CodeIgniter\Boot::runCodeIgniter(Object(CodeIgniter\CodeIgniter))
#11 C:\Website-kasir\public\index.php(30): CodeIgniter\Boot::bootWeb(Object(Config\Paths))
#12 C:\Website-kasir\vendor\codeigniter4\framework\system\rewrite.php(44): require_once('C:\\Website-kasi...')
#13 {main}
CRITICAL - 2025-11-13 00:46:22 --> CodeIgniter\Database\Exceptions\DatabaseException: Unable to connect to the database.
Main connection [MySQLi]: No connection could be made because the target machine actively refused it
[Method: POST, Route: auth/authenticate]
in VENDORPATH\codeigniter4\framework\system\Database\BaseConnection.php on line 465.
 1 VENDORPATH\codeigniter4\framework\system\Database\BaseConnection.php(614): CodeIgniter\Database\BaseConnection->initialize()
 2 VENDORPATH\codeigniter4\framework\system\Database\BaseBuilder.php(1649): CodeIgniter\Database\BaseConnection->query('SELECT *
FROM `users`
WHERE `username` = :username:
 LIMIT 1', [...], false)
 3 VENDORPATH\codeigniter4\framework\system\Model.php(330): CodeIgniter\Database\BaseBuilder->get()
 4 VENDORPATH\codeigniter4\framework\system\BaseModel.php(715): CodeIgniter\Model->doFirst()
 5 APPPATH\Controllers\AuthController.php(29): CodeIgniter\BaseModel->first()
 6 VENDORPATH\codeigniter4\framework\system\CodeIgniter.php(933): App\Controllers\AuthController->authenticate()
 7 VENDORPATH\codeigniter4\framework\system\CodeIgniter.php(507): CodeIgniter\CodeIgniter->runController(Object(App\Controllers\AuthController))
 8 VENDORPATH\codeigniter4\framework\system\CodeIgniter.php(354): CodeIgniter\CodeIgniter->handleRequest(null, Object(Config\Cache), false)
 9 VENDORPATH\codeigniter4\framework\system\Boot.php(363): CodeIgniter\CodeIgniter->run()
10 VENDORPATH\codeigniter4\framework\system\Boot.php(68): CodeIgniter\Boot::runCodeIgniter(Object(CodeIgniter\CodeIgniter))
11 FCPATH\index.php(30): CodeIgniter\Boot::bootWeb(Object(Config\Paths))
12 VENDORPATH\codeigniter4\framework\system\rewrite.php(44): require_once('C:\\Website-kasir\\public\\index.php')
ERROR - 2025-11-13 00:46:27 --> Error connecting to the database: mysqli_sql_exception: No connection could be made because the target machine actively refused it in C:\Website-kasir\vendor\codeigniter4\framework\system\Database\MySQLi\Connection.php:201
Stack trace:
#0 C:\Website-kasir\vendor\codeigniter4\framework\system\Database\MySQLi\Connection.php(201): mysqli->real_connect('localhost', 'root', Object(SensitiveParameterValue), 'kasir_db', 3306, '', 0)
#1 C:\Website-kasir\vendor\codeigniter4\framework\system\Database\BaseConnection.php(419): CodeIgniter\Database\MySQLi\Connection->connect(false)
#2 C:\Website-kasir\vendor\codeigniter4\framework\system\Database\BaseConnection.php(614): CodeIgniter\Database\BaseConnection->initialize()
#3 C:\Website-kasir\vendor\codeigniter4\framework\system\Database\BaseBuilder.php(1649): CodeIgniter\Database\BaseConnection->query('SELECT *\nFROM `...', Array, false)
#4 C:\Website-kasir\vendor\codeigniter4\framework\system\Model.php(330): CodeIgniter\Database\BaseBuilder->get()
#5 C:\Website-kasir\vendor\codeigniter4\framework\system\BaseModel.php(715): CodeIgniter\Model->doFirst()
#6 C:\Website-kasir\app\Controllers\AuthController.php(29): CodeIgniter\BaseModel->first()
#7 C:\Website-kasir\vendor\codeigniter4\framework\system\CodeIgniter.php(933): App\Controllers\AuthController->authenticate()
#8 C:\Website-kasir\vendor\codeigniter4\framework\system\CodeIgniter.php(507): CodeIgniter\CodeIgniter->runController(Object(App\Controllers\AuthController))
#9 C:\Website-kasir\vendor\codeigniter4\framework\system\CodeIgniter.php(354): CodeIgniter\CodeIgniter->handleRequest(NULL, Object(Config\Cache), false)
#10 C:\Website-kasir\vendor\codeigniter4\framework\system\Boot.php(363): CodeIgniter\CodeIgniter->run()
#11 C:\Website-kasir\vendor\codeigniter4\framework\system\Boot.php(68): CodeIgniter\Boot::runCodeIgniter(Object(CodeIgniter\CodeIgniter))
#12 C:\Website-kasir\public\index.php(30): CodeIgniter\Boot::bootWeb(Object(Config\Paths))
#13 C:\Website-kasir\vendor\codeigniter4\framework\system\rewrite.php(44): require_once('C:\\Website-kasi...')
#14 {main}

Next CodeIgniter\Database\Exceptions\DatabaseException: No connection could be made because the target machine actively refused it in C:\Website-kasir\vendor\codeigniter4\framework\system\Database\MySQLi\Connection.php:246
Stack trace:
#0 C:\Website-kasir\vendor\codeigniter4\framework\system\Database\BaseConnection.php(419): CodeIgniter\Database\MySQLi\Connection->connect(false)
#1 C:\Website-kasir\vendor\codeigniter4\framework\system\Database\BaseConnection.php(614): CodeIgniter\Database\BaseConnection->initialize()
#2 C:\Website-kasir\vendor\codeigniter4\framework\system\Database\BaseBuilder.php(1649): CodeIgniter\Database\BaseConnection->query('SELECT *\nFROM `...', Array, false)
#3 C:\Website-kasir\vendor\codeigniter4\framework\system\Model.php(330): CodeIgniter\Database\BaseBuilder->get()
#4 C:\Website-kasir\vendor\codeigniter4\framework\system\BaseModel.php(715): CodeIgniter\Model->doFirst()
#5 C:\Website-kasir\app\Controllers\AuthController.php(29): CodeIgniter\BaseModel->first()
#6 C:\Website-kasir\vendor\codeigniter4\framework\system\CodeIgniter.php(933): App\Controllers\AuthController->authenticate()
#7 C:\Website-kasir\vendor\codeigniter4\framework\system\CodeIgniter.php(507): CodeIgniter\CodeIgniter->runController(Object(App\Controllers\AuthController))
#8 C:\Website-kasir\vendor\codeigniter4\framework\system\CodeIgniter.php(354): CodeIgniter\CodeIgniter->handleRequest(NULL, Object(Config\Cache), false)
#9 C:\Website-kasir\vendor\codeigniter4\framework\system\Boot.php(363): CodeIgniter\CodeIgniter->run()
#10 C:\Website-kasir\vendor\codeigniter4\framework\system\Boot.php(68): CodeIgniter\Boot::runCodeIgniter(Object(CodeIgniter\CodeIgniter))
#11 C:\Website-kasir\public\index.php(30): CodeIgniter\Boot::bootWeb(Object(Config\Paths))
#12 C:\Website-kasir\vendor\codeigniter4\framework\system\rewrite.php(44): require_once('C:\\Website-kasi...')
#13 {main}
CRITICAL - 2025-11-13 00:46:27 --> CodeIgniter\Database\Exceptions\DatabaseException: Unable to connect to the database.
Main connection [MySQLi]: No connection could be made because the target machine actively refused it
[Method: POST, Route: auth/authenticate]
in VENDORPATH\codeigniter4\framework\system\Database\BaseConnection.php on line 465.
 1 VENDORPATH\codeigniter4\framework\system\Database\BaseConnection.php(614): CodeIgniter\Database\BaseConnection->initialize()
 2 VENDORPATH\codeigniter4\framework\system\Database\BaseBuilder.php(1649): CodeIgniter\Database\BaseConnection->query('SELECT *
FROM `users`
WHERE `username` = :username:
 LIMIT 1', [...], false)
 3 VENDORPATH\codeigniter4\framework\system\Model.php(330): CodeIgniter\Database\BaseBuilder->get()
 4 VENDORPATH\codeigniter4\framework\system\BaseModel.php(715): CodeIgniter\Model->doFirst()
 5 APPPATH\Controllers\AuthController.php(29): CodeIgniter\BaseModel->first()
 6 VENDORPATH\codeigniter4\framework\system\CodeIgniter.php(933): App\Controllers\AuthController->authenticate()
 7 VENDORPATH\codeigniter4\framework\system\CodeIgniter.php(507): CodeIgniter\CodeIgniter->runController(Object(App\Controllers\AuthController))
 8 VENDORPATH\codeigniter4\framework\system\CodeIgniter.php(354): CodeIgniter\CodeIgniter->handleRequest(null, Object(Config\Cache), false)
 9 VENDORPATH\codeigniter4\framework\system\Boot.php(363): CodeIgniter\CodeIgniter->run()
10 VENDORPATH\codeigniter4\framework\system\Boot.php(68): CodeIgniter\Boot::runCodeIgniter(Object(CodeIgniter\CodeIgniter))
11 FCPATH\index.php(30): CodeIgniter\Boot::bootWeb(Object(Config\Paths))
12 VENDORPATH\codeigniter4\framework\system\rewrite.php(44): require_once('C:\\Website-kasir\\public\\index.php')
ERROR - 2025-11-13 00:46:31 --> Error connecting to the database: mysqli_sql_exception: No connection could be made because the target machine actively refused it in C:\Website-kasir\vendor\codeigniter4\framework\system\Database\MySQLi\Connection.php:201
Stack trace:
#0 C:\Website-kasir\vendor\codeigniter4\framework\system\Database\MySQLi\Connection.php(201): mysqli->real_connect('localhost', 'root', Object(SensitiveParameterValue), 'kasir_db', 3306, '', 0)
#1 C:\Website-kasir\vendor\codeigniter4\framework\system\Database\BaseConnection.php(419): CodeIgniter\Database\MySQLi\Connection->connect(false)
#2 C:\Website-kasir\vendor\codeigniter4\framework\system\Database\BaseConnection.php(614): CodeIgniter\Database\BaseConnection->initialize()
#3 C:\Website-kasir\vendor\codeigniter4\framework\system\Database\BaseBuilder.php(1649): CodeIgniter\Database\BaseConnection->query('SELECT *\nFROM `...', Array, false)
#4 C:\Website-kasir\vendor\codeigniter4\framework\system\Model.php(330): CodeIgniter\Database\BaseBuilder->get()
#5 C:\Website-kasir\vendor\codeigniter4\framework\system\BaseModel.php(715): CodeIgniter\Model->doFirst()
#6 C:\Website-kasir\app\Controllers\AuthController.php(29): CodeIgniter\BaseModel->first()
#7 C:\Website-kasir\vendor\codeigniter4\framework\system\CodeIgniter.php(933): App\Controllers\AuthController->authenticate()
#8 C:\Website-kasir\vendor\codeigniter4\framework\system\CodeIgniter.php(507): CodeIgniter\CodeIgniter->runController(Object(App\Controllers\AuthController))
#9 C:\Website-kasir\vendor\codeigniter4\framework\system\CodeIgniter.php(354): CodeIgniter\CodeIgniter->handleRequest(NULL, Object(Config\Cache), false)
#10 C:\Website-kasir\vendor\codeigniter4\framework\system\Boot.php(363): CodeIgniter\CodeIgniter->run()
#11 C:\Website-kasir\vendor\codeigniter4\framework\system\Boot.php(68): CodeIgniter\Boot::runCodeIgniter(Object(CodeIgniter\CodeIgniter))
#12 C:\Website-kasir\public\index.php(30): CodeIgniter\Boot::bootWeb(Object(Config\Paths))
#13 C:\Website-kasir\vendor\codeigniter4\framework\system\rewrite.php(44): require_once('C:\\Website-kasi...')
#14 {main}

Next CodeIgniter\Database\Exceptions\DatabaseException: No connection could be made because the target machine actively refused it in C:\Website-kasir\vendor\codeigniter4\framework\system\Database\MySQLi\Connection.php:246
Stack trace:
#0 C:\Website-kasir\vendor\codeigniter4\framework\system\Database\BaseConnection.php(419): CodeIgniter\Database\MySQLi\Connection->connect(false)
#1 C:\Website-kasir\vendor\codeigniter4\framework\system\Database\BaseConnection.php(614): CodeIgniter\Database\BaseConnection->initialize()
#2 C:\Website-kasir\vendor\codeigniter4\framework\system\Database\BaseBuilder.php(1649): CodeIgniter\Database\BaseConnection->query('SELECT *\nFROM `...', Array, false)
#3 C:\Website-kasir\vendor\codeigniter4\framework\system\Model.php(330): CodeIgniter\Database\BaseBuilder->get()
#4 C:\Website-kasir\vendor\codeigniter4\framework\system\BaseModel.php(715): CodeIgniter\Model->doFirst()
#5 C:\Website-kasir\app\Controllers\AuthController.php(29): CodeIgniter\BaseModel->first()
#6 C:\Website-kasir\vendor\codeigniter4\framework\system\CodeIgniter.php(933): App\Controllers\AuthController->authenticate()
#7 C:\Website-kasir\vendor\codeigniter4\framework\system\CodeIgniter.php(507): CodeIgniter\CodeIgniter->runController(Object(App\Controllers\AuthController))
#8 C:\Website-kasir\vendor\codeigniter4\framework\system\CodeIgniter.php(354): CodeIgniter\CodeIgniter->handleRequest(NULL, Object(Config\Cache), false)
#9 C:\Website-kasir\vendor\codeigniter4\framework\system\Boot.php(363): CodeIgniter\CodeIgniter->run()
#10 C:\Website-kasir\vendor\codeigniter4\framework\system\Boot.php(68): CodeIgniter\Boot::runCodeIgniter(Object(CodeIgniter\CodeIgniter))
#11 C:\Website-kasir\public\index.php(30): CodeIgniter\Boot::bootWeb(Object(Config\Paths))
#12 C:\Website-kasir\vendor\codeigniter4\framework\system\rewrite.php(44): require_once('C:\\Website-kasi...')
#13 {main}
CRITICAL - 2025-11-13 00:46:31 --> CodeIgniter\Database\Exceptions\DatabaseException: Unable to connect to the database.
Main connection [MySQLi]: No connection could be made because the target machine actively refused it
[Method: POST, Route: auth/authenticate]
in VENDORPATH\codeigniter4\framework\system\Database\BaseConnection.php on line 465.
 1 VENDORPATH\codeigniter4\framework\system\Database\BaseConnection.php(614): CodeIgniter\Database\BaseConnection->initialize()
 2 VENDORPATH\codeigniter4\framework\system\Database\BaseBuilder.php(1649): CodeIgniter\Database\BaseConnection->query('SELECT *
FROM `users`
WHERE `username` = :username:
 LIMIT 1', [...], false)
 3 VENDORPATH\codeigniter4\framework\system\Model.php(330): CodeIgniter\Database\BaseBuilder->get()
 4 VENDORPATH\codeigniter4\framework\system\BaseModel.php(715): CodeIgniter\Model->doFirst()
 5 APPPATH\Controllers\AuthController.php(29): CodeIgniter\BaseModel->first()
 6 VENDORPATH\codeigniter4\framework\system\CodeIgniter.php(933): App\Controllers\AuthController->authenticate()
 7 VENDORPATH\codeigniter4\framework\system\CodeIgniter.php(507): CodeIgniter\CodeIgniter->runController(Object(App\Controllers\AuthController))
 8 VENDORPATH\codeigniter4\framework\system\CodeIgniter.php(354): CodeIgniter\CodeIgniter->handleRequest(null, Object(Config\Cache), false)
 9 VENDORPATH\codeigniter4\framework\system\Boot.php(363): CodeIgniter\CodeIgniter->run()
10 VENDORPATH\codeigniter4\framework\system\Boot.php(68): CodeIgniter\Boot::runCodeIgniter(Object(CodeIgniter\CodeIgniter))
11 FCPATH\index.php(30): CodeIgniter\Boot::bootWeb(Object(Config\Paths))
12 VENDORPATH\codeigniter4\framework\system\rewrite.php(44): require_once('C:\\Website-kasir\\public\\index.php')
ERROR - 2025-11-13 00:46:35 --> Error connecting to the database: mysqli_sql_exception: No connection could be made because the target machine actively refused it in C:\Website-kasir\vendor\codeigniter4\framework\system\Database\MySQLi\Connection.php:201
Stack trace:
#0 C:\Website-kasir\vendor\codeigniter4\framework\system\Database\MySQLi\Connection.php(201): mysqli->real_connect('localhost', 'root', Object(SensitiveParameterValue), 'kasir_db', 3306, '', 0)
#1 C:\Website-kasir\vendor\codeigniter4\framework\system\Database\BaseConnection.php(419): CodeIgniter\Database\MySQLi\Connection->connect(false)
#2 C:\Website-kasir\vendor\codeigniter4\framework\system\Database\BaseConnection.php(614): CodeIgniter\Database\BaseConnection->initialize()
#3 C:\Website-kasir\vendor\codeigniter4\framework\system\Database\BaseBuilder.php(1649): CodeIgniter\Database\BaseConnection->query('SELECT *\nFROM `...', Array, false)
#4 C:\Website-kasir\vendor\codeigniter4\framework\system\Model.php(330): CodeIgniter\Database\BaseBuilder->get()
#5 C:\Website-kasir\vendor\codeigniter4\framework\system\BaseModel.php(715): CodeIgniter\Model->doFirst()
#6 C:\Website-kasir\app\Controllers\AuthController.php(29): CodeIgniter\BaseModel->first()
#7 C:\Website-kasir\vendor\codeigniter4\framework\system\CodeIgniter.php(933): App\Controllers\AuthController->authenticate()
#8 C:\Website-kasir\vendor\codeigniter4\framework\system\CodeIgniter.php(507): CodeIgniter\CodeIgniter->runController(Object(App\Controllers\AuthController))
#9 C:\Website-kasir\vendor\codeigniter4\framework\system\CodeIgniter.php(354): CodeIgniter\CodeIgniter->handleRequest(NULL, Object(Config\Cache), false)
#10 C:\Website-kasir\vendor\codeigniter4\framework\system\Boot.php(363): CodeIgniter\CodeIgniter->run()
#11 C:\Website-kasir\vendor\codeigniter4\framework\system\Boot.php(68): CodeIgniter\Boot::runCodeIgniter(Object(CodeIgniter\CodeIgniter))
#12 C:\Website-kasir\public\index.php(30): CodeIgniter\Boot::bootWeb(Object(Config\Paths))
#13 C:\Website-kasir\vendor\codeigniter4\framework\system\rewrite.php(44): require_once('C:\\Website-kasi...')
#14 {main}

Next CodeIgniter\Database\Exceptions\DatabaseException: No connection could be made because the target machine actively refused it in C:\Website-kasir\vendor\codeigniter4\framework\system\Database\MySQLi\Connection.php:246
Stack trace:
#0 C:\Website-kasir\vendor\codeigniter4\framework\system\Database\BaseConnection.php(419): CodeIgniter\Database\MySQLi\Connection->connect(false)
#1 C:\Website-kasir\vendor\codeigniter4\framework\system\Database\BaseConnection.php(614): CodeIgniter\Database\BaseConnection->initialize()
#2 C:\Website-kasir\vendor\codeigniter4\framework\system\Database\BaseBuilder.php(1649): CodeIgniter\Database\BaseConnection->query('SELECT *\nFROM `...', Array, false)
#3 C:\Website-kasir\vendor\codeigniter4\framework\system\Model.php(330): CodeIgniter\Database\BaseBuilder->get()
#4 C:\Website-kasir\vendor\codeigniter4\framework\system\BaseModel.php(715): CodeIgniter\Model->doFirst()
#5 C:\Website-kasir\app\Controllers\AuthController.php(29): CodeIgniter\BaseModel->first()
#6 C:\Website-kasir\vendor\codeigniter4\framework\system\CodeIgniter.php(933): App\Controllers\AuthController->authenticate()
#7 C:\Website-kasir\vendor\codeigniter4\framework\system\CodeIgniter.php(507): CodeIgniter\CodeIgniter->runController(Object(App\Controllers\AuthController))
#8 C:\Website-kasir\vendor\codeigniter4\framework\system\CodeIgniter.php(354): CodeIgniter\CodeIgniter->handleRequest(NULL, Object(Config\Cache), false)
#9 C:\Website-kasir\vendor\codeigniter4\framework\system\Boot.php(363): CodeIgniter\CodeIgniter->run()
#10 C:\Website-kasir\vendor\codeigniter4\framework\system\Boot.php(68): CodeIgniter\Boot::runCodeIgniter(Object(CodeIgniter\CodeIgniter))
#11 C:\Website-kasir\public\index.php(30): CodeIgniter\Boot::bootWeb(Object(Config\Paths))
#12 C:\Website-kasir\vendor\codeigniter4\framework\system\rewrite.php(44): require_once('C:\\Website-kasi...')
#13 {main}
CRITICAL - 2025-11-13 00:46:35 --> CodeIgniter\Database\Exceptions\DatabaseException: Unable to connect to the database.
Main connection [MySQLi]: No connection could be made because the target machine actively refused it
[Method: POST, Route: auth/authenticate]
in VENDORPATH\codeigniter4\framework\system\Database\BaseConnection.php on line 465.
 1 VENDORPATH\codeigniter4\framework\system\Database\BaseConnection.php(614): CodeIgniter\Database\BaseConnection->initialize()
 2 VENDORPATH\codeigniter4\framework\system\Database\BaseBuilder.php(1649): CodeIgniter\Database\BaseConnection->query('SELECT *
FROM `users`
WHERE `username` = :username:
 LIMIT 1', [...], false)
 3 VENDORPATH\codeigniter4\framework\system\Model.php(330): CodeIgniter\Database\BaseBuilder->get()
 4 VENDORPATH\codeigniter4\framework\system\BaseModel.php(715): CodeIgniter\Model->doFirst()
 5 APPPATH\Controllers\AuthController.php(29): CodeIgniter\BaseModel->first()
 6 VENDORPATH\codeigniter4\framework\system\CodeIgniter.php(933): App\Controllers\AuthController->authenticate()
 7 VENDORPATH\codeigniter4\framework\system\CodeIgniter.php(507): CodeIgniter\CodeIgniter->runController(Object(App\Controllers\AuthController))
 8 VENDORPATH\codeigniter4\framework\system\CodeIgniter.php(354): CodeIgniter\CodeIgniter->handleRequest(null, Object(Config\Cache), false)
 9 VENDORPATH\codeigniter4\framework\system\Boot.php(363): CodeIgniter\CodeIgniter->run()
10 VENDORPATH\codeigniter4\framework\system\Boot.php(68): CodeIgniter\Boot::runCodeIgniter(Object(CodeIgniter\CodeIgniter))
11 FCPATH\index.php(30): CodeIgniter\Boot::bootWeb(Object(Config\Paths))
12 VENDORPATH\codeigniter4\framework\system\rewrite.php(44): require_once('C:\\Website-kasir\\public\\index.php')
ERROR - 2025-11-13 00:46:39 --> Error connecting to the database: mysqli_sql_exception: No connection could be made because the target machine actively refused it in C:\Website-kasir\vendor\codeigniter4\framework\system\Database\MySQLi\Connection.php:201
Stack trace:
#0 C:\Website-kasir\vendor\codeigniter4\framework\system\Database\MySQLi\Connection.php(201): mysqli->real_connect('localhost', 'root', Object(SensitiveParameterValue), 'kasir_db', 3306, '', 0)
#1 C:\Website-kasir\vendor\codeigniter4\framework\system\Database\BaseConnection.php(419): CodeIgniter\Database\MySQLi\Connection->connect(false)
#2 C:\Website-kasir\vendor\codeigniter4\framework\system\Database\BaseConnection.php(614): CodeIgniter\Database\BaseConnection->initialize()
#3 C:\Website-kasir\vendor\codeigniter4\framework\system\Database\BaseBuilder.php(1649): CodeIgniter\Database\BaseConnection->query('SELECT *\nFROM `...', Array, false)
#4 C:\Website-kasir\vendor\codeigniter4\framework\system\Model.php(330): CodeIgniter\Database\BaseBuilder->get()
#5 C:\Website-kasir\vendor\codeigniter4\framework\system\BaseModel.php(715): CodeIgniter\Model->doFirst()
#6 C:\Website-kasir\app\Controllers\AuthController.php(29): CodeIgniter\BaseModel->first()
#7 C:\Website-kasir\vendor\codeigniter4\framework\system\CodeIgniter.php(933): App\Controllers\AuthController->authenticate()
#8 C:\Website-kasir\vendor\codeigniter4\framework\system\CodeIgniter.php(507): CodeIgniter\CodeIgniter->runController(Object(App\Controllers\AuthController))
#9 C:\Website-kasir\vendor\codeigniter4\framework\system\CodeIgniter.php(354): CodeIgniter\CodeIgniter->handleRequest(NULL, Object(Config\Cache), false)
#10 C:\Website-kasir\vendor\codeigniter4\framework\system\Boot.php(363): CodeIgniter\CodeIgniter->run()
#11 C:\Website-kasir\vendor\codeigniter4\framework\system\Boot.php(68): CodeIgniter\Boot::runCodeIgniter(Object(CodeIgniter\CodeIgniter))
#12 C:\Website-kasir\public\index.php(30): CodeIgniter\Boot::bootWeb(Object(Config\Paths))
#13 C:\Website-kasir\vendor\codeigniter4\framework\system\rewrite.php(44): require_once('C:\\Website-kasi...')
#14 {main}

Next CodeIgniter\Database\Exceptions\DatabaseException: No connection could be made because the target machine actively refused it in C:\Website-kasir\vendor\codeigniter4\framework\system\Database\MySQLi\Connection.php:246
Stack trace:
#0 C:\Website-kasir\vendor\codeigniter4\framework\system\Database\BaseConnection.php(419): CodeIgniter\Database\MySQLi\Connection->connect(false)
#1 C:\Website-kasir\vendor\codeigniter4\framework\system\Database\BaseConnection.php(614): CodeIgniter\Database\BaseConnection->initialize()
#2 C:\Website-kasir\vendor\codeigniter4\framework\system\Database\BaseBuilder.php(1649): CodeIgniter\Database\BaseConnection->query('SELECT *\nFROM `...', Array, false)
#3 C:\Website-kasir\vendor\codeigniter4\framework\system\Model.php(330): CodeIgniter\Database\BaseBuilder->get()
#4 C:\Website-kasir\vendor\codeigniter4\framework\system\BaseModel.php(715): CodeIgniter\Model->doFirst()
#5 C:\Website-kasir\app\Controllers\AuthController.php(29): CodeIgniter\BaseModel->first()
#6 C:\Website-kasir\vendor\codeigniter4\framework\system\CodeIgniter.php(933): App\Controllers\AuthController->authenticate()
#7 C:\Website-kasir\vendor\codeigniter4\framework\system\CodeIgniter.php(507): CodeIgniter\CodeIgniter->runController(Object(App\Controllers\AuthController))
#8 C:\Website-kasir\vendor\codeigniter4\framework\system\CodeIgniter.php(354): CodeIgniter\CodeIgniter->handleRequest(NULL, Object(Config\Cache), false)
#9 C:\Website-kasir\vendor\codeigniter4\framework\system\Boot.php(363): CodeIgniter\CodeIgniter->run()
#10 C:\Website-kasir\vendor\codeigniter4\framework\system\Boot.php(68): CodeIgniter\Boot::runCodeIgniter(Object(CodeIgniter\CodeIgniter))
#11 C:\Website-kasir\public\index.php(30): CodeIgniter\Boot::bootWeb(Object(Config\Paths))
#12 C:\Website-kasir\vendor\codeigniter4\framework\system\rewrite.php(44): require_once('C:\\Website-kasi...')
#13 {main}
CRITICAL - 2025-11-13 00:46:39 --> CodeIgniter\Database\Exceptions\DatabaseException: Unable to connect to the database.
Main connection [MySQLi]: No connection could be made because the target machine actively refused it
[Method: POST, Route: auth/authenticate]
in VENDORPATH\codeigniter4\framework\system\Database\BaseConnection.php on line 465.
 1 VENDORPATH\codeigniter4\framework\system\Database\BaseConnection.php(614): CodeIgniter\Database\BaseConnection->initialize()
 2 VENDORPATH\codeigniter4\framework\system\Database\BaseBuilder.php(1649): CodeIgniter\Database\BaseConnection->query('SELECT *
FROM `users`
WHERE `username` = :username:
 LIMIT 1', [...], false)
 3 VENDORPATH\codeigniter4\framework\system\Model.php(330): CodeIgniter\Database\BaseBuilder->get()
 4 VENDORPATH\codeigniter4\framework\system\BaseModel.php(715): CodeIgniter\Model->doFirst()
 5 APPPATH\Controllers\AuthController.php(29): CodeIgniter\BaseModel->first()
 6 VENDORPATH\codeigniter4\framework\system\CodeIgniter.php(933): App\Controllers\AuthController->authenticate()
 7 VENDORPATH\codeigniter4\framework\system\CodeIgniter.php(507): CodeIgniter\CodeIgniter->runController(Object(App\Controllers\AuthController))
 8 VENDORPATH\codeigniter4\framework\system\CodeIgniter.php(354): CodeIgniter\CodeIgniter->handleRequest(null, Object(Config\Cache), false)
 9 VENDORPATH\codeigniter4\framework\system\Boot.php(363): CodeIgniter\CodeIgniter->run()
10 VENDORPATH\codeigniter4\framework\system\Boot.php(68): CodeIgniter\Boot::runCodeIgniter(Object(CodeIgniter\CodeIgniter))
11 FCPATH\index.php(30): CodeIgniter\Boot::bootWeb(Object(Config\Paths))
12 VENDORPATH\codeigniter4\framework\system\rewrite.php(44): require_once('C:\\Website-kasir\\public\\index.php')
ERROR - 2025-11-13 00:46:43 --> Error connecting to the database: mysqli_sql_exception: No connection could be made because the target machine actively refused it in C:\Website-kasir\vendor\codeigniter4\framework\system\Database\MySQLi\Connection.php:201
Stack trace:
#0 C:\Website-kasir\vendor\codeigniter4\framework\system\Database\MySQLi\Connection.php(201): mysqli->real_connect('localhost', 'root', Object(SensitiveParameterValue), 'kasir_db', 3306, '', 0)
#1 C:\Website-kasir\vendor\codeigniter4\framework\system\Database\BaseConnection.php(419): CodeIgniter\Database\MySQLi\Connection->connect(false)
#2 C:\Website-kasir\vendor\codeigniter4\framework\system\Database\BaseConnection.php(614): CodeIgniter\Database\BaseConnection->initialize()
#3 C:\Website-kasir\vendor\codeigniter4\framework\system\Database\BaseBuilder.php(1649): CodeIgniter\Database\BaseConnection->query('SELECT *\nFROM `...', Array, false)
#4 C:\Website-kasir\vendor\codeigniter4\framework\system\Model.php(330): CodeIgniter\Database\BaseBuilder->get()
#5 C:\Website-kasir\vendor\codeigniter4\framework\system\BaseModel.php(715): CodeIgniter\Model->doFirst()
#6 C:\Website-kasir\app\Controllers\AuthController.php(29): CodeIgniter\BaseModel->first()
#7 C:\Website-kasir\vendor\codeigniter4\framework\system\CodeIgniter.php(933): App\Controllers\AuthController->authenticate()
#8 C:\Website-kasir\vendor\codeigniter4\framework\system\CodeIgniter.php(507): CodeIgniter\CodeIgniter->runController(Object(App\Controllers\AuthController))
#9 C:\Website-kasir\vendor\codeigniter4\framework\system\CodeIgniter.php(354): CodeIgniter\CodeIgniter->handleRequest(NULL, Object(Config\Cache), false)
#10 C:\Website-kasir\vendor\codeigniter4\framework\system\Boot.php(363): CodeIgniter\CodeIgniter->run()
#11 C:\Website-kasir\vendor\codeigniter4\framework\system\Boot.php(68): CodeIgniter\Boot::runCodeIgniter(Object(CodeIgniter\CodeIgniter))
#12 C:\Website-kasir\public\index.php(30): CodeIgniter\Boot::bootWeb(Object(Config\Paths))
#13 C:\Website-kasir\vendor\codeigniter4\framework\system\rewrite.php(44): require_once('C:\\Website-kasi...')
#14 {main}

Next CodeIgniter\Database\Exceptions\DatabaseException: No connection could be made because the target machine actively refused it in C:\Website-kasir\vendor\codeigniter4\framework\system\Database\MySQLi\Connection.php:246
Stack trace:
#0 C:\Website-kasir\vendor\codeigniter4\framework\system\Database\BaseConnection.php(419): CodeIgniter\Database\MySQLi\Connection->connect(false)
#1 C:\Website-kasir\vendor\codeigniter4\framework\system\Database\BaseConnection.php(614): CodeIgniter\Database\BaseConnection->initialize()
#2 C:\Website-kasir\vendor\codeigniter4\framework\system\Database\BaseBuilder.php(1649): CodeIgniter\Database\BaseConnection->query('SELECT *\nFROM `...', Array, false)
#3 C:\Website-kasir\vendor\codeigniter4\framework\system\Model.php(330): CodeIgniter\Database\BaseBuilder->get()
#4 C:\Website-kasir\vendor\codeigniter4\framework\system\BaseModel.php(715): CodeIgniter\Model->doFirst()
#5 C:\Website-kasir\app\Controllers\AuthController.php(29): CodeIgniter\BaseModel->first()
#6 C:\Website-kasir\vendor\codeigniter4\framework\system\CodeIgniter.php(933): App\Controllers\AuthController->authenticate()
#7 C:\Website-kasir\vendor\codeigniter4\framework\system\CodeIgniter.php(507): CodeIgniter\CodeIgniter->runController(Object(App\Controllers\AuthController))
#8 C:\Website-kasir\vendor\codeigniter4\framework\system\CodeIgniter.php(354): CodeIgniter\CodeIgniter->handleRequest(NULL, Object(Config\Cache), false)
#9 C:\Website-kasir\vendor\codeigniter4\framework\system\Boot.php(363): CodeIgniter\CodeIgniter->run()
#10 C:\Website-kasir\vendor\codeigniter4\framework\system\Boot.php(68): CodeIgniter\Boot::runCodeIgniter(Object(CodeIgniter\CodeIgniter))
#11 C:\Website-kasir\public\index.php(30): CodeIgniter\Boot::bootWeb(Object(Config\Paths))
#12 C:\Website-kasir\vendor\codeigniter4\framework\system\rewrite.php(44): require_once('C:\\Website-kasi...')
#13 {main}
CRITICAL - 2025-11-13 00:46:43 --> CodeIgniter\Database\Exceptions\DatabaseException: Unable to connect to the database.
Main connection [MySQLi]: No connection could be made because the target machine actively refused it
[Method: POST, Route: auth/authenticate]
in VENDORPATH\codeigniter4\framework\system\Database\BaseConnection.php on line 465.
 1 VENDORPATH\codeigniter4\framework\system\Database\BaseConnection.php(614): CodeIgniter\Database\BaseConnection->initialize()
 2 VENDORPATH\codeigniter4\framework\system\Database\BaseBuilder.php(1649): CodeIgniter\Database\BaseConnection->query('SELECT *
FROM `users`
WHERE `username` = :username:
 LIMIT 1', [...], false)
 3 VENDORPATH\codeigniter4\framework\system\Model.php(330): CodeIgniter\Database\BaseBuilder->get()
 4 VENDORPATH\codeigniter4\framework\system\BaseModel.php(715): CodeIgniter\Model->doFirst()
 5 APPPATH\Controllers\AuthController.php(29): CodeIgniter\BaseModel->first()
 6 VENDORPATH\codeigniter4\framework\system\CodeIgniter.php(933): App\Controllers\AuthController->authenticate()
 7 VENDORPATH\codeigniter4\framework\system\CodeIgniter.php(507): CodeIgniter\CodeIgniter->runController(Object(App\Controllers\AuthController))
 8 VENDORPATH\codeigniter4\framework\system\CodeIgniter.php(354): CodeIgniter\CodeIgniter->handleRequest(null, Object(Config\Cache), false)
 9 VENDORPATH\codeigniter4\framework\system\Boot.php(363): CodeIgniter\CodeIgniter->run()
10 VENDORPATH\codeigniter4\framework\system\Boot.php(68): CodeIgniter\Boot::runCodeIgniter(Object(CodeIgniter\CodeIgniter))
11 FCPATH\index.php(30): CodeIgniter\Boot::bootWeb(Object(Config\Paths))
12 VENDORPATH\codeigniter4\framework\system\rewrite.php(44): require_once('C:\\Website-kasir\\public\\index.php')
ERROR - 2025-11-13 00:46:48 --> Error connecting to the database: mysqli_sql_exception: No connection could be made because the target machine actively refused it in C:\Website-kasir\vendor\codeigniter4\framework\system\Database\MySQLi\Connection.php:201
Stack trace:
#0 C:\Website-kasir\vendor\codeigniter4\framework\system\Database\MySQLi\Connection.php(201): mysqli->real_connect('localhost', 'root', Object(SensitiveParameterValue), 'kasir_db', 3306, '', 0)
#1 C:\Website-kasir\vendor\codeigniter4\framework\system\Database\BaseConnection.php(419): CodeIgniter\Database\MySQLi\Connection->connect(false)
#2 C:\Website-kasir\vendor\codeigniter4\framework\system\Database\BaseConnection.php(614): CodeIgniter\Database\BaseConnection->initialize()
#3 C:\Website-kasir\vendor\codeigniter4\framework\system\Database\BaseBuilder.php(1649): CodeIgniter\Database\BaseConnection->query('SELECT *\nFROM `...', Array, false)
#4 C:\Website-kasir\vendor\codeigniter4\framework\system\Model.php(330): CodeIgniter\Database\BaseBuilder->get()
#5 C:\Website-kasir\vendor\codeigniter4\framework\system\BaseModel.php(715): CodeIgniter\Model->doFirst()
#6 C:\Website-kasir\app\Controllers\AuthController.php(29): CodeIgniter\BaseModel->first()
#7 C:\Website-kasir\vendor\codeigniter4\framework\system\CodeIgniter.php(933): App\Controllers\AuthController->authenticate()
#8 C:\Website-kasir\vendor\codeigniter4\framework\system\CodeIgniter.php(507): CodeIgniter\CodeIgniter->runController(Object(App\Controllers\AuthController))
#9 C:\Website-kasir\vendor\codeigniter4\framework\system\CodeIgniter.php(354): CodeIgniter\CodeIgniter->handleRequest(NULL, Object(Config\Cache), false)
#10 C:\Website-kasir\vendor\codeigniter4\framework\system\Boot.php(363): CodeIgniter\CodeIgniter->run()
#11 C:\Website-kasir\vendor\codeigniter4\framework\system\Boot.php(68): CodeIgniter\Boot::runCodeIgniter(Object(CodeIgniter\CodeIgniter))
#12 C:\Website-kasir\public\index.php(30): CodeIgniter\Boot::bootWeb(Object(Config\Paths))
#13 C:\Website-kasir\vendor\codeigniter4\framework\system\rewrite.php(44): require_once('C:\\Website-kasi...')
#14 {main}

Next CodeIgniter\Database\Exceptions\DatabaseException: No connection could be made because the target machine actively refused it in C:\Website-kasir\vendor\codeigniter4\framework\system\Database\MySQLi\Connection.php:246
Stack trace:
#0 C:\Website-kasir\vendor\codeigniter4\framework\system\Database\BaseConnection.php(419): CodeIgniter\Database\MySQLi\Connection->connect(false)
#1 C:\Website-kasir\vendor\codeigniter4\framework\system\Database\BaseConnection.php(614): CodeIgniter\Database\BaseConnection->initialize()
#2 C:\Website-kasir\vendor\codeigniter4\framework\system\Database\BaseBuilder.php(1649): CodeIgniter\Database\BaseConnection->query('SELECT *\nFROM `...', Array, false)
#3 C:\Website-kasir\vendor\codeigniter4\framework\system\Model.php(330): CodeIgniter\Database\BaseBuilder->get()
#4 C:\Website-kasir\vendor\codeigniter4\framework\system\BaseModel.php(715): CodeIgniter\Model->doFirst()
#5 C:\Website-kasir\app\Controllers\AuthController.php(29): CodeIgniter\BaseModel->first()
#6 C:\Website-kasir\vendor\codeigniter4\framework\system\CodeIgniter.php(933): App\Controllers\AuthController->authenticate()
#7 C:\Website-kasir\vendor\codeigniter4\framework\system\CodeIgniter.php(507): CodeIgniter\CodeIgniter->runController(Object(App\Controllers\AuthController))
#8 C:\Website-kasir\vendor\codeigniter4\framework\system\CodeIgniter.php(354): CodeIgniter\CodeIgniter->handleRequest(NULL, Object(Config\Cache), false)
#9 C:\Website-kasir\vendor\codeigniter4\framework\system\Boot.php(363): CodeIgniter\CodeIgniter->run()
#10 C:\Website-kasir\vendor\codeigniter4\framework\system\Boot.php(68): CodeIgniter\Boot::runCodeIgniter(Object(CodeIgniter\CodeIgniter))
#11 C:\Website-kasir\public\index.php(30): CodeIgniter\Boot::bootWeb(Object(Config\Paths))
#12 C:\Website-kasir\vendor\codeigniter4\framework\system\rewrite.php(44): require_once('C:\\Website-kasi...')
#13 {main}
CRITICAL - 2025-11-13 00:46:48 --> CodeIgniter\Database\Exceptions\DatabaseException: Unable to connect to the database.
Main connection [MySQLi]: No connection could be made because the target machine actively refused it
[Method: POST, Route: auth/authenticate]
in VENDORPATH\codeigniter4\framework\system\Database\BaseConnection.php on line 465.
 1 VENDORPATH\codeigniter4\framework\system\Database\BaseConnection.php(614): CodeIgniter\Database\BaseConnection->initialize()
 2 VENDORPATH\codeigniter4\framework\system\Database\BaseBuilder.php(1649): CodeIgniter\Database\BaseConnection->query('SELECT *
FROM `users`
WHERE `username` = :username:
 LIMIT 1', [...], false)
 3 VENDORPATH\codeigniter4\framework\system\Model.php(330): CodeIgniter\Database\BaseBuilder->get()
 4 VENDORPATH\codeigniter4\framework\system\BaseModel.php(715): CodeIgniter\Model->doFirst()
 5 APPPATH\Controllers\AuthController.php(29): CodeIgniter\BaseModel->first()
 6 VENDORPATH\codeigniter4\framework\system\CodeIgniter.php(933): App\Controllers\AuthController->authenticate()
 7 VENDORPATH\codeigniter4\framework\system\CodeIgniter.php(507): CodeIgniter\CodeIgniter->runController(Object(App\Controllers\AuthController))
 8 VENDORPATH\codeigniter4\framework\system\CodeIgniter.php(354): CodeIgniter\CodeIgniter->handleRequest(null, Object(Config\Cache), false)
 9 VENDORPATH\codeigniter4\framework\system\Boot.php(363): CodeIgniter\CodeIgniter->run()
10 VENDORPATH\codeigniter4\framework\system\Boot.php(68): CodeIgniter\Boot::runCodeIgniter(Object(CodeIgniter\CodeIgniter))
11 FCPATH\index.php(30): CodeIgniter\Boot::bootWeb(Object(Config\Paths))
12 VENDORPATH\codeigniter4\framework\system\rewrite.php(44): require_once('C:\\Website-kasir\\public\\index.php')
ERROR - 2025-11-13 00:46:52 --> Error connecting to the database: mysqli_sql_exception: No connection could be made because the target machine actively refused it in C:\Website-kasir\vendor\codeigniter4\framework\system\Database\MySQLi\Connection.php:201
Stack trace:
#0 C:\Website-kasir\vendor\codeigniter4\framework\system\Database\MySQLi\Connection.php(201): mysqli->real_connect('localhost', 'root', Object(SensitiveParameterValue), 'kasir_db', 3306, '', 0)
#1 C:\Website-kasir\vendor\codeigniter4\framework\system\Database\BaseConnection.php(419): CodeIgniter\Database\MySQLi\Connection->connect(false)
#2 C:\Website-kasir\vendor\codeigniter4\framework\system\Database\BaseConnection.php(614): CodeIgniter\Database\BaseConnection->initialize()
#3 C:\Website-kasir\vendor\codeigniter4\framework\system\Database\BaseBuilder.php(1649): CodeIgniter\Database\BaseConnection->query('SELECT *\nFROM `...', Array, false)
#4 C:\Website-kasir\vendor\codeigniter4\framework\system\Model.php(330): CodeIgniter\Database\BaseBuilder->get()
#5 C:\Website-kasir\vendor\codeigniter4\framework\system\BaseModel.php(715): CodeIgniter\Model->doFirst()
#6 C:\Website-kasir\app\Controllers\AuthController.php(29): CodeIgniter\BaseModel->first()
#7 C:\Website-kasir\vendor\codeigniter4\framework\system\CodeIgniter.php(933): App\Controllers\AuthController->authenticate()
#8 C:\Website-kasir\vendor\codeigniter4\framework\system\CodeIgniter.php(507): CodeIgniter\CodeIgniter->runController(Object(App\Controllers\AuthController))
#9 C:\Website-kasir\vendor\codeigniter4\framework\system\CodeIgniter.php(354): CodeIgniter\CodeIgniter->handleRequest(NULL, Object(Config\Cache), false)
#10 C:\Website-kasir\vendor\codeigniter4\framework\system\Boot.php(363): CodeIgniter\CodeIgniter->run()
#11 C:\Website-kasir\vendor\codeigniter4\framework\system\Boot.php(68): CodeIgniter\Boot::runCodeIgniter(Object(CodeIgniter\CodeIgniter))
#12 C:\Website-kasir\public\index.php(30): CodeIgniter\Boot::bootWeb(Object(Config\Paths))
#13 C:\Website-kasir\vendor\codeigniter4\framework\system\rewrite.php(44): require_once('C:\\Website-kasi...')
#14 {main}

Next CodeIgniter\Database\Exceptions\DatabaseException: No connection could be made because the target machine actively refused it in C:\Website-kasir\vendor\codeigniter4\framework\system\Database\MySQLi\Connection.php:246
Stack trace:
#0 C:\Website-kasir\vendor\codeigniter4\framework\system\Database\BaseConnection.php(419): CodeIgniter\Database\MySQLi\Connection->connect(false)
#1 C:\Website-kasir\vendor\codeigniter4\framework\system\Database\BaseConnection.php(614): CodeIgniter\Database\BaseConnection->initialize()
#2 C:\Website-kasir\vendor\codeigniter4\framework\system\Database\BaseBuilder.php(1649): CodeIgniter\Database\BaseConnection->query('SELECT *\nFROM `...', Array, false)
#3 C:\Website-kasir\vendor\codeigniter4\framework\system\Model.php(330): CodeIgniter\Database\BaseBuilder->get()
#4 C:\Website-kasir\vendor\codeigniter4\framework\system\BaseModel.php(715): CodeIgniter\Model->doFirst()
#5 C:\Website-kasir\app\Controllers\AuthController.php(29): CodeIgniter\BaseModel->first()
#6 C:\Website-kasir\vendor\codeigniter4\framework\system\CodeIgniter.php(933): App\Controllers\AuthController->authenticate()
#7 C:\Website-kasir\vendor\codeigniter4\framework\system\CodeIgniter.php(507): CodeIgniter\CodeIgniter->runController(Object(App\Controllers\AuthController))
#8 C:\Website-kasir\vendor\codeigniter4\framework\system\CodeIgniter.php(354): CodeIgniter\CodeIgniter->handleRequest(NULL, Object(Config\Cache), false)
#9 C:\Website-kasir\vendor\codeigniter4\framework\system\Boot.php(363): CodeIgniter\CodeIgniter->run()
#10 C:\Website-kasir\vendor\codeigniter4\framework\system\Boot.php(68): CodeIgniter\Boot::runCodeIgniter(Object(CodeIgniter\CodeIgniter))
#11 C:\Website-kasir\public\index.php(30): CodeIgniter\Boot::bootWeb(Object(Config\Paths))
#12 C:\Website-kasir\vendor\codeigniter4\framework\system\rewrite.php(44): require_once('C:\\Website-kasi...')
#13 {main}
CRITICAL - 2025-11-13 00:46:52 --> CodeIgniter\Database\Exceptions\DatabaseException: Unable to connect to the database.
Main connection [MySQLi]: No connection could be made because the target machine actively refused it
[Method: POST, Route: auth/authenticate]
in VENDORPATH\codeigniter4\framework\system\Database\BaseConnection.php on line 465.
 1 VENDORPATH\codeigniter4\framework\system\Database\BaseConnection.php(614): CodeIgniter\Database\BaseConnection->initialize()
 2 VENDORPATH\codeigniter4\framework\system\Database\BaseBuilder.php(1649): CodeIgniter\Database\BaseConnection->query('SELECT *
FROM `users`
WHERE `username` = :username:
 LIMIT 1', [...], false)
 3 VENDORPATH\codeigniter4\framework\system\Model.php(330): CodeIgniter\Database\BaseBuilder->get()
 4 VENDORPATH\codeigniter4\framework\system\BaseModel.php(715): CodeIgniter\Model->doFirst()
 5 APPPATH\Controllers\AuthController.php(29): CodeIgniter\BaseModel->first()
 6 VENDORPATH\codeigniter4\framework\system\CodeIgniter.php(933): App\Controllers\AuthController->authenticate()
 7 VENDORPATH\codeigniter4\framework\system\CodeIgniter.php(507): CodeIgniter\CodeIgniter->runController(Object(App\Controllers\AuthController))
 8 VENDORPATH\codeigniter4\framework\system\CodeIgniter.php(354): CodeIgniter\CodeIgniter->handleRequest(null, Object(Config\Cache), false)
 9 VENDORPATH\codeigniter4\framework\system\Boot.php(363): CodeIgniter\CodeIgniter->run()
10 VENDORPATH\codeigniter4\framework\system\Boot.php(68): CodeIgniter\Boot::runCodeIgniter(Object(CodeIgniter\CodeIgniter))
11 FCPATH\index.php(30): CodeIgniter\Boot::bootWeb(Object(Config\Paths))
12 VENDORPATH\codeigniter4\framework\system\rewrite.php(44): require_once('C:\\Website-kasir\\public\\index.php')
ERROR - 2025-11-13 00:46:56 --> Error connecting to the database: mysqli_sql_exception: No connection could be made because the target machine actively refused it in C:\Website-kasir\vendor\codeigniter4\framework\system\Database\MySQLi\Connection.php:201
Stack trace:
#0 C:\Website-kasir\vendor\codeigniter4\framework\system\Database\MySQLi\Connection.php(201): mysqli->real_connect('localhost', 'root', Object(SensitiveParameterValue), 'kasir_db', 3306, '', 0)
#1 C:\Website-kasir\vendor\codeigniter4\framework\system\Database\BaseConnection.php(419): CodeIgniter\Database\MySQLi\Connection->connect(false)
#2 C:\Website-kasir\vendor\codeigniter4\framework\system\Database\BaseConnection.php(614): CodeIgniter\Database\BaseConnection->initialize()
#3 C:\Website-kasir\vendor\codeigniter4\framework\system\Database\BaseBuilder.php(1649): CodeIgniter\Database\BaseConnection->query('SELECT *\nFROM `...', Array, false)
#4 C:\Website-kasir\vendor\codeigniter4\framework\system\Model.php(330): CodeIgniter\Database\BaseBuilder->get()
#5 C:\Website-kasir\vendor\codeigniter4\framework\system\BaseModel.php(715): CodeIgniter\Model->doFirst()
#6 C:\Website-kasir\app\Controllers\AuthController.php(29): CodeIgniter\BaseModel->first()
#7 C:\Website-kasir\vendor\codeigniter4\framework\system\CodeIgniter.php(933): App\Controllers\AuthController->authenticate()
#8 C:\Website-kasir\vendor\codeigniter4\framework\system\CodeIgniter.php(507): CodeIgniter\CodeIgniter->runController(Object(App\Controllers\AuthController))
#9 C:\Website-kasir\vendor\codeigniter4\framework\system\CodeIgniter.php(354): CodeIgniter\CodeIgniter->handleRequest(NULL, Object(Config\Cache), false)
#10 C:\Website-kasir\vendor\codeigniter4\framework\system\Boot.php(363): CodeIgniter\CodeIgniter->run()
#11 C:\Website-kasir\vendor\codeigniter4\framework\system\Boot.php(68): CodeIgniter\Boot::runCodeIgniter(Object(CodeIgniter\CodeIgniter))
#12 C:\Website-kasir\public\index.php(30): CodeIgniter\Boot::bootWeb(Object(Config\Paths))
#13 C:\Website-kasir\vendor\codeigniter4\framework\system\rewrite.php(44): require_once('C:\\Website-kasi...')
#14 {main}

Next CodeIgniter\Database\Exceptions\DatabaseException: No connection could be made because the target machine actively refused it in C:\Website-kasir\vendor\codeigniter4\framework\system\Database\MySQLi\Connection.php:246
Stack trace:
#0 C:\Website-kasir\vendor\codeigniter4\framework\system\Database\BaseConnection.php(419): CodeIgniter\Database\MySQLi\Connection->connect(false)
#1 C:\Website-kasir\vendor\codeigniter4\framework\system\Database\BaseConnection.php(614): CodeIgniter\Database\BaseConnection->initialize()
#2 C:\Website-kasir\vendor\codeigniter4\framework\system\Database\BaseBuilder.php(1649): CodeIgniter\Database\BaseConnection->query('SELECT *\nFROM `...', Array, false)
#3 C:\Website-kasir\vendor\codeigniter4\framework\system\Model.php(330): CodeIgniter\Database\BaseBuilder->get()
#4 C:\Website-kasir\vendor\codeigniter4\framework\system\BaseModel.php(715): CodeIgniter\Model->doFirst()
#5 C:\Website-kasir\app\Controllers\AuthController.php(29): CodeIgniter\BaseModel->first()
#6 C:\Website-kasir\vendor\codeigniter4\framework\system\CodeIgniter.php(933): App\Controllers\AuthController->authenticate()
#7 C:\Website-kasir\vendor\codeigniter4\framework\system\CodeIgniter.php(507): CodeIgniter\CodeIgniter->runController(Object(App\Controllers\AuthController))
#8 C:\Website-kasir\vendor\codeigniter4\framework\system\CodeIgniter.php(354): CodeIgniter\CodeIgniter->handleRequest(NULL, Object(Config\Cache), false)
#9 C:\Website-kasir\vendor\codeigniter4\framework\system\Boot.php(363): CodeIgniter\CodeIgniter->run()
#10 C:\Website-kasir\vendor\codeigniter4\framework\system\Boot.php(68): CodeIgniter\Boot::runCodeIgniter(Object(CodeIgniter\CodeIgniter))
#11 C:\Website-kasir\public\index.php(30): CodeIgniter\Boot::bootWeb(Object(Config\Paths))
#12 C:\Website-kasir\vendor\codeigniter4\framework\system\rewrite.php(44): require_once('C:\\Website-kasi...')
#13 {main}
CRITICAL - 2025-11-13 00:46:56 --> CodeIgniter\Database\Exceptions\DatabaseException: Unable to connect to the database.
Main connection [MySQLi]: No connection could be made because the target machine actively refused it
[Method: POST, Route: auth/authenticate]
in VENDORPATH\codeigniter4\framework\system\Database\BaseConnection.php on line 465.
 1 VENDORPATH\codeigniter4\framework\system\Database\BaseConnection.php(614): CodeIgniter\Database\BaseConnection->initialize()
 2 VENDORPATH\codeigniter4\framework\system\Database\BaseBuilder.php(1649): CodeIgniter\Database\BaseConnection->query('SELECT *
FROM `users`
WHERE `username` = :username:
 LIMIT 1', [...], false)
 3 VENDORPATH\codeigniter4\framework\system\Model.php(330): CodeIgniter\Database\BaseBuilder->get()
 4 VENDORPATH\codeigniter4\framework\system\BaseModel.php(715): CodeIgniter\Model->doFirst()
 5 APPPATH\Controllers\AuthController.php(29): CodeIgniter\BaseModel->first()
 6 VENDORPATH\codeigniter4\framework\system\CodeIgniter.php(933): App\Controllers\AuthController->authenticate()
 7 VENDORPATH\codeigniter4\framework\system\CodeIgniter.php(507): CodeIgniter\CodeIgniter->runController(Object(App\Controllers\AuthController))
 8 VENDORPATH\codeigniter4\framework\system\CodeIgniter.php(354): CodeIgniter\CodeIgniter->handleRequest(null, Object(Config\Cache), false)
 9 VENDORPATH\codeigniter4\framework\system\Boot.php(363): CodeIgniter\CodeIgniter->run()
10 VENDORPATH\codeigniter4\framework\system\Boot.php(68): CodeIgniter\Boot::runCodeIgniter(Object(CodeIgniter\CodeIgniter))
11 FCPATH\index.php(30): CodeIgniter\Boot::bootWeb(Object(Config\Paths))
12 VENDORPATH\codeigniter4\framework\system\rewrite.php(44): require_once('C:\\Website-kasir\\public\\index.php')
DEBUG - 2025-11-13 00:46:57 --> Session: Class initialized using 'CodeIgniter\Session\Handlers\FileHandler' driver.
DEBUG - 2025-11-13 00:46:57 --> Session: Class initialized using 'CodeIgniter\Session\Handlers\FileHandler' driver.
DEBUG - 2025-11-13 00:46:58 --> Session: Class initialized using 'CodeIgniter\Session\Handlers\FileHandler' driver.
DEBUG - 2025-11-13 00:46:58 --> Session: Class initialized using 'CodeIgniter\Session\Handlers\FileHandler' driver.
DEBUG - 2025-11-13 00:46:58 --> Session: Class initialized using 'CodeIgniter\Session\Handlers\FileHandler' driver.
DEBUG - 2025-11-13 00:46:58 --> Session: Class initialized using 'CodeIgniter\Session\Handlers\FileHandler' driver.
DEBUG - 2025-11-13 00:46:59 --> Session: Class initialized using 'CodeIgniter\Session\Handlers\FileHandler' driver.
DEBUG - 2025-11-13 00:47:01 --> Session: Class initialized using 'CodeIgniter\Session\Handlers\FileHandler' driver.
DEBUG - 2025-11-13 00:47:30 --> Session: Class initialized using 'CodeIgniter\Session\Handlers\FileHandler' driver.
DEBUG - 2025-11-13 00:47:56 --> Session: Class initialized using 'CodeIgniter\Session\Handlers\FileHandler' driver.
DEBUG - 2025-11-13 00:48:03 --> Session: Class initialized using 'CodeIgniter\Session\Handlers\FileHandler' driver.
DEBUG - 2025-11-13 02:50:10 --> Session: Class initialized using 'CodeIgniter\Session\Handlers\FileHandler' driver.
DEBUG - 2025-11-13 02:50:10 --> Session: Class initialized using 'CodeIgniter\Session\Handlers\FileHandler' driver.
DEBUG - 2025-11-13 02:50:17 --> Session: Class initialized using 'CodeIgniter\Session\Handlers\FileHandler' driver.
DEBUG - 2025-11-13 02:50:17 --> Session: Class initialized using 'CodeIgniter\Session\Handlers\FileHandler' driver.
DEBUG - 2025-11-13 04:43:53 --> Session: Class initialized using 'CodeIgniter\Session\Handlers\FileHandler' driver.
DEBUG - 2025-11-13 04:43:55 --> Session: Class initialized using 'CodeIgniter\Session\Handlers\FileHandler' driver.
DEBUG - 2025-11-13 04:43:57 --> Session: Class initialized using 'CodeIgniter\Session\Handlers\FileHandler' driver.
DEBUG - 2025-11-13 09:00:51 --> Session: Class initialized using 'CodeIgniter\Session\Handlers\FileHandler' driver.
DEBUG - 2025-11-13 09:00:52 --> Session: Class initialized using 'CodeIgniter\Session\Handlers\FileHandler' driver.
DEBUG - 2025-11-13 09:01:06 --> Session: Class initialized using 'CodeIgniter\Session\Handlers\FileHandler' driver.
DEBUG - 2025-11-13 09:01:06 --> Session: Class initialized using 'CodeIgniter\Session\Handlers\FileHandler' driver.
DEBUG - 2025-11-13 09:01:10 --> Session: Class initialized using 'CodeIgniter\Session\Handlers\FileHandler' driver.
DEBUG - 2025-11-13 09:01:38 --> Session: Class initialized using 'CodeIgniter\Session\Handlers\FileHandler' driver.
DEBUG - 2025-11-13 09:02:05 --> Session: Class initialized using 'CodeIgniter\Session\Handlers\FileHandler' driver.
DEBUG - 2025-11-13 09:02:16 --> Session: Class initialized using 'CodeIgniter\Session\Handlers\FileHandler' driver.
DEBUG - 2025-11-13 09:02:18 --> Session: Class initialized using 'CodeIgniter\Session\Handlers\FileHandler' driver.
